current directory: /home/yama/hackit/2026cirkit-a/vendor/bundle/ruby/3.2.0/gems/websocket-driver-0.8.2/ext/websocket-driver
/home/yama/.rbenv/versions/3.2.2/bin/ruby extconf.rb
creating Makefile

current directory: /home/yama/hackit/2026cirkit-a/vendor/bundle/ruby/3.2.0/gems/websocket-driver-0.8.2/ext/websocket-driver
make DESTDIR\= sitearchdir\=./.gem.20260801-8726-lhtmi9 sitelibdir\=./.gem.20260801-8726-lhtmi9 clean

current directory: /home/yama/hackit/2026cirkit-a/vendor/bundle/ruby/3.2.0/gems/websocket-driver-0.8.2/ext/websocket-driver
make DESTDIR\= sitearchdir\=./.gem.20260801-8726-lhtmi9 sitelibdir\=./.gem.20260801-8726-lhtmi9
compiling websocket_mask.c
websocket_mask.c: In function ‘Init_websocket_mask’:
websocket_mask.c:26:6: warning: old-style function definition [-Wold-style-definition]
   26 | void Init_websocket_mask()
      |      ^~~~~~~~~~~~~~~~~~~
At top level:
cc1: note: unrecognized command-line option ‘-Wno-self-assign’ may have been intended to silence earlier diagnostics
cc1: note: unrecognized command-line option ‘-Wno-parentheses-equality’ may have been intended to silence earlier diagnostics
cc1: note: unrecognized command-line option ‘-Wno-constant-logical-operand’ may have been intended to silence earlier diagnostics
linking shared-object websocket_mask.so

current directory: /home/yama/hackit/2026cirkit-a/vendor/bundle/ruby/3.2.0/gems/websocket-driver-0.8.2/ext/websocket-driver
make DESTDIR\= sitearchdir\=./.gem.20260801-8726-lhtmi9 sitelibdir\=./.gem.20260801-8726-lhtmi9 install
/usr/bin/install -c -m 0755 websocket_mask.so ./.gem.20260801-8726-lhtmi9

current directory: /home/yama/hackit/2026cirkit-a/vendor/bundle/ruby/3.2.0/gems/websocket-driver-0.8.2/ext/websocket-driver
make DESTDIR\= sitearchdir\=./.gem.20260801-8726-lhtmi9 sitelibdir\=./.gem.20260801-8726-lhtmi9 clean
